c:\users\usuario\music\tpv1-laboratorios\practica 3 frogger\src\x64\debug\crosser.obj
c:\users\usuario\music\tpv1-laboratorios\practica 3 frogger\src\x64\debug\endstate.obj
c:\users\usuario\music\tpv1-laboratorios\practica 3 frogger\src\x64\debug\eventhandler.obj
c:\users\usuario\music\tpv1-laboratorios\practica 3 frogger\src\x64\debug\frog.obj
c:\users\usuario\music\tpv1-laboratorios\practica 3 frogger\src\x64\debug\gamestate.obj
c:\users\usuario\music\tpv1-laboratorios\practica 3 frogger\src\x64\debug\gamestatemachine.obj
c:\users\usuario\music\tpv1-laboratorios\practica 3 frogger\src\x64\debug\homedfrog.obj
c:\users\usuario\music\tpv1-laboratorios\practica 3 frogger\src\x64\debug\log.obj
c:\users\usuario\music\tpv1-laboratorios\practica 3 frogger\src\x64\debug\main.obj
c:\users\usuario\music\tpv1-laboratorios\practica 3 frogger\src\x64\debug\mainmenustate.obj
c:\users\usuario\music\tpv1-laboratorios\practica 3 frogger\src\x64\debug\pausestate.obj
c:\users\usuario\music\tpv1-laboratorios\practica 3 frogger\src\x64\debug\platform.obj
c:\users\usuario\music\tpv1-laboratorios\practica 3 frogger\src\x64\debug\playstate.obj
c:\users\usuario\music\tpv1-laboratorios\practica 3 frogger\src\x64\debug\sceneobject.obj
c:\users\usuario\music\tpv1-laboratorios\practica 3 frogger\src\x64\debug\sdlapplication.obj
c:\users\usuario\music\tpv1-laboratorios\practica 3 frogger\src\x64\debug\texture.obj
c:\users\usuario\music\tpv1-laboratorios\practica 3 frogger\src\x64\debug\turtlegroup.obj
c:\users\usuario\music\tpv1-laboratorios\practica 3 frogger\src\x64\debug\vehicle.obj
c:\users\usuario\music\tpv1-laboratorios\practica 3 frogger\src\x64\debug\wasp.obj
c:\users\usuario\music\tpv1-laboratorios\practica 3 frogger\src\x64\debug\vc143.idb
c:\users\usuario\music\tpv1-laboratorios\practica 3 frogger\src\x64\debug\vc143.pdb
c:\users\usuario\music\tpv1-laboratorios\practica 3 frogger\src\x64\debug\src.tlog\cl.command.1.tlog
